Last login: Tue Oct 22 17:23:56 on ttys001
Albertos-MacBook-Air:~ albertobrandao$ ls
Applications	Downloads	Movies		Public
Desktop		Dropbox		Music		Rails
Documents	Library		Pictures	test.py
Albertos-MacBook-Air:~ albertobrandao$ cd Rails/
Albertos-MacBook-Air:Rails albertobrandao$ ls
Test
Albertos-MacBook-Air:Rails albertobrandao$ rm -rf Test
Albertos-MacBook-Air:Rails albertobrandao$ ls
Albertos-MacBook-Air:Rails albertobrandao$ clear













Albertos-MacBook-Air:Rails albertobrandao$ l
-bash: l: command not found
Albertos-MacBook-Air:Rails albertobrandao$ ls
Albertos-MacBook-Air:Rails albertobrandao$ ls
Albertos-MacBook-Air:Rails albertobrandao$ pwd
/Users/albertobrandao/Rails
Albertos-MacBook-Air:Rails albertobrandao$ rails -v
Rails 4.0.0
Albertos-MacBook-Air:Rails albertobrandao$ rails new pinteresting
      create  
      create  README.rdoc
      create  Rakefile
      create  config.ru
      create  .gitignore
      create  Gemfile
      create  app
      create  app/assets/javascripts/application.js
      create  app/assets/stylesheets/application.css
      create  app/controllers/application_controller.rb
      create  app/helpers/application_helper.rb
      create  app/views/layouts/application.html.erb
      create  app/assets/images/.keep
      create  app/mailers/.keep
      create  app/models/.keep
      create  app/controllers/concerns/.keep
      create  app/models/concerns/.keep
      create  bin
      create  bin/bundle
      create  bin/rails
      create  bin/rake
      create  config
      create  config/routes.rb
      create  config/application.rb
      create  config/environment.rb
      create  config/environments
      create  config/environments/development.rb
      create  config/environments/production.rb
      create  config/environments/test.rb
      create  config/initializers
      create  config/initializers/backtrace_silencers.rb
      create  config/initializers/filter_parameter_logging.rb
      create  config/initializers/inflections.rb
      create  config/initializers/mime_types.rb
      create  config/initializers/secret_token.rb
      create  config/initializers/session_store.rb
      create  config/initializers/wrap_parameters.rb
      create  config/locales
      create  config/locales/en.yml
      create  config/boot.rb
      create  config/database.yml
      create  db
      create  db/seeds.rb
      create  lib
      create  lib/tasks
      create  lib/tasks/.keep
      create  lib/assets
      create  lib/assets/.keep
      create  log
      create  log/.keep
      create  public
      create  public/404.html
      create  public/422.html
      create  public/500.html
      create  public/favicon.ico
      create  public/robots.txt
      create  test/fixtures
      create  test/fixtures/.keep
      create  test/controllers
      create  test/controllers/.keep
      create  test/mailers
      create  test/mailers/.keep
      create  test/models
      create  test/models/.keep
      create  test/helpers
      create  test/helpers/.keep
      create  test/integration
      create  test/integration/.keep
      create  test/test_helper.rb
      create  tmp/cache
      create  tmp/cache/assets
      create  vendor/assets/javascripts
      create  vendor/assets/javascripts/.keep
      create  vendor/assets/stylesheets
      create  vendor/assets/stylesheets/.keep
         run  bundle install
Fetching gem metadata from https://rubygems.org/..........
Fetching gem metadata from https://rubygems.org/..
Resolving dependencies...
Using rake (10.1.0) 
Using i18n (0.6.5) 
Using minitest (4.7.5) 
Using multi_json (1.8.2) 
Using atomic (1.1.14) 
Using thread_safe (0.1.3) 
Using tzinfo (0.3.38) 
Using activesupport (4.0.0) 
Using builder (3.1.4) 
Using erubis (2.7.0) 
Using rack (1.5.2) 
Using rack-test (0.6.2) 
Using actionpack (4.0.0) 
Using mime-types (1.25) 
Using polyglot (0.3.3) 
Using treetop (1.4.15) 
Using mail (2.5.4) 
Using actionmailer (4.0.0) 
Using activemodel (4.0.0) 
Using activerecord-deprecated_finders (1.0.3) 
Installing arel (4.0.1) 
Using activerecord (4.0.0) 
Using bundler (1.3.5) 
Using coffee-script-source (1.6.3) 
Using execjs (2.0.2) 
Using coffee-script (2.2.0) 
Using thor (0.18.1) 
Using railties (4.0.0) 
Using coffee-rails (4.0.1) 
Using hike (1.2.3) 
Using jbuilder (1.5.2) 
Using jquery-rails (3.0.4) 
Using json (1.8.1) 
Using tilt (1.4.1) 
Using sprockets (2.10.0) 
Using sprockets-rails (2.0.1) 
Using rails (4.0.0) 
Using rdoc (3.12.2) 
Using sass (3.2.12) 
Using sass-rails (4.0.1) 
Using sdoc (0.3.20) 
Using sqlite3 (1.3.8) 
Using turbolinks (1.3.0) 
Using uglifier (2.2.1) 
Your bundle is complete!
Use `bundle show [gemname]` to see where a bundled gem is installed.
Albertos-MacBook-Air:Rails albertobrandao$ cd pinteresting
Albertos-MacBook-Air:pinteresting albertobrandao$ rails server
=> Booting WEBrick
=> Rails 4.0.0 application starting in development on http://0.0.0.0:3000
=> Run `rails server -h` for more startup options
=> Ctrl-C to shutdown server
[2013-10-22 19:26:02] INFO  WEBrick 1.3.1
[2013-10-22 19:26:02] INFO  ruby 2.0.0 (2013-06-27) [x86_64-darwin12.5.0]
[2013-10-22 19:26:02] INFO  WEBrick::HTTPServer#start: pid=34019 port=3000
©^C[2013-10-22 19:41:29] INFO  going to shutdown ...
[2013-10-22 19:41:29] INFO  WEBrick::HTTPServer#start done.
Exiting
Albertos-MacBook-Air:pinteresting albertobrandao$ get init
-bash: get: command not found
Albertos-MacBook-Air:pinteresting albertobrandao$ ls
Gemfile		Rakefile	config		lib		test
Gemfile.lock	app		config.ru	log		tmp
README.rdoc	bin		db		public		vendor
Albertos-MacBook-Air:pinteresting albertobrandao$ git 
usage: git [--version] [--exec-path[=<path>]] [--html-path]
           [-p|--paginate|--no-pager] [--no-replace-objects]
           [--bare] [--git-dir=<path>] [--work-tree=<path>]
           [-c name=value] [--help]
           <command> [<args>]

The most commonly used git commands are:
   add        Add file contents to the index
   bisect     Find by binary search the change that introduced a bug
   branch     List, create, or delete branches
   checkout   Checkout a branch or paths to the working tree
   clone      Clone a repository into a new directory
   commit     Record changes to the repository
   diff       Show changes between commits, commit and working tree, etc
   fetch      Download objects and refs from another repository
   grep       Print lines matching a pattern
   init       Create an empty git repository or reinitialize an existing one
   log        Show commit logs
   merge      Join two or more development histories together
   mv         Move or rename a file, a directory, or a symlink
   pull       Fetch from and merge with another repository or a local branch
   push       Update remote refs along with associated objects
   rebase     Forward-port local commits to the updated upstream head
   reset      Reset current HEAD to the specified state
   rm         Remove files from the working tree and from the index
   show       Show various types of objects
   status     Show the working tree status
   tag        Create, list, delete or verify a tag object signed with GPG

See 'git help <command>' for more information on a specific command.
Albertos-MacBook-Air:pinteresting albertobrandao$ git init
Initialized empty Git repository in /Users/albertobrandao/Rails/pinteresting/.git/
Albertos-MacBook-Air:pinteresting albertobrandao$ git status
# On branch master
#
# Initial commit
#
# Untracked files:
#   (use "git add <file>..." to include in what will be committed)
#
#	.gitignore
#	Gemfile
#	Gemfile.lock
#	README.rdoc
#	Rakefile
#	app/
#	bin/
#	config.ru
#	config/
#	db/
#	lib/
#	log/
#	public/
#	test/
#	vendor/
nothing added to commit but untracked files present (use "git add" to track)
Albertos-MacBook-Air:pinteresting albertobrandao$ git add .
Albertos-MacBook-Air:pinteresting albertobrandao$ git commit -am "Initial commit"
[master (root-commit) 162bbba] Initial commit
 36 files changed, 821 insertions(+), 0 deletions(-)
 create mode 100644 .gitignore
 create mode 100644 Gemfile
 create mode 100644 Gemfile.lock
 create mode 100644 README.rdoc
 create mode 100644 Rakefile
 create mode 100644 app/assets/images/.keep
 create mode 100644 app/assets/javascripts/application.js
 create mode 100644 app/assets/stylesheets/application.css
 create mode 100644 app/controllers/application_controller.rb
 create mode 100644 app/controllers/concerns/.keep
 create mode 100644 app/helpers/application_helper.rb
 create mode 100644 app/mailers/.keep
 create mode 100644 app/models/.keep
 create mode 100644 app/models/concerns/.keep
 create mode 100644 app/views/layouts/application.html.erb
 create mode 100755 bin/bundle
 create mode 100755 bin/rails
 create mode 100755 bin/rake
 create mode 100644 config.ru
 create mode 100644 config/application.rb
 create mode 100644 config/boot.rb
 create mode 100644 config/database.yml
 create mode 100644 config/environment.rb
 create mode 100644 config/environments/development.rb
 create mode 100644 config/environments/production.rb
 create mode 100644 config/environments/test.rb
 create mode 100644 config/initializers/backtrace_silencers.rb
 create mode 100644 config/initializers/filter_parameter_logging.rb
 create mode 100644 config/initializers/inflections.rb
 create mode 100644 config/initializers/mime_types.rb
 create mode 100644 config/initializers/secret_token.rb
 create mode 100644 config/initializers/session_store.rb
 create mode 100644 config/initializers/wrap_parameters.rb
 create mode 100644 config/locales/en.yml
 create mode 100644 config/routes.rb
 create mode 100644 db/seeds.rb
 create mode 100644 lib/assets/.keep
 create mode 100644 lib/tasks/.keep
 create mode 100644 log/.keep
 create mode 100644 public/404.html
 create mode 100644 public/422.html
 create mode 100644 public/500.html
 create mode 100644 public/favicon.ico
 create mode 100644 public/robots.txt
 create mode 100644 test/controllers/.keep
 create mode 100644 test/fixtures/.keep
 create mode 100644 test/helpers/.keep
 create mode 100644 test/integration/.keep
 create mode 100644 test/mailers/.keep
 create mode 100644 test/models/.keep
 create mode 100644 test/test_helper.rb
 create mode 100644 vendor/assets/javascripts/.keep
 create mode 100644 vendor/assets/stylesheets/.keep
Albertos-MacBook-Air:pinteresting albertobrandao$ pwd
/Users/albertobrandao/Rails/pinteresting
Albertos-MacBook-Air:pinteresting albertobrandao$ ls
Gemfile		Rakefile	config		lib		test
Gemfile.lock	app		config.ru	log		tmp
README.rdoc	bin		db		public		vendor
Albertos-MacBook-Air:pinteresting albertobrandao$ cd Gemfile
-bash: cd: Gemfile: Not a directory
Albertos-MacBook-Air:pinteresting albertobrandao$ ls
Gemfile		Rakefile	config		lib		test
Gemfile.lock	app		config.ru	log		tmp
README.rdoc	bin		db		public		vendor
Albertos-MacBook-Air:pinteresting albertobrandao$ git status
# On branch master
# Changes not staged for commit:
#   (use "git add <file>..." to update what will be committed)
#   (use "git checkout -- <file>..." to discard changes in working directory)
#
#	modified:   .gitignore
#
no changes added to commit (use "git add" and/or "git commit -a")
Albertos-MacBook-Air:pinteresting albertobrandao$ ssh-keygen -t rsa -C "me@alberto.io"
Generating public/private rsa key pair.
Enter file in which to save the key (/Users/albertobrandao/.ssh/id_rsa): ssh-add id_rsa
Enter passphrase (empty for no passphrase): 
Enter same passphrase again: 
Your identification has been saved in ssh-add id_rsa.
Your public key has been saved in ssh-add id_rsa.pub.
The key fingerprint is:
b7:54:ac:3d:66:eb:15:4c:4f:33:ed:7c:7e:de:27:0b me@alberto.io
The key's randomart image is:
+--[ RSA 2048]----+
|                 |
|           .    .|
|            o .oo|
|           + o =o|
|        S + = o =|
|         o + o o.|
|          . E . o|
|           . o..+|
|            . .o+|
+-----------------+
Albertos-MacBook-Air:pinteresting albertobrandao$ 
Albertos-MacBook-Air:pinteresting albertobrandao$ git commit -am "Changed the Readme.md"
[master 5d436db] Changed the Readme.md
 3 files changed, 32 insertions(+), 0 deletions(-)
 create mode 100644 ssh-add id_rsa
 create mode 100644 ssh-add id_rsa.pub
Albertos-MacBook-Air:pinteresting albertobrandao$ git push
fatal: No destination configured to push to.
Albertos-MacBook-Air:pinteresting albertobrandao$ git add .
Albertos-MacBook-Air:pinteresting albertobrandao$ git status
# On branch master
# Changes to be committed:
#   (use "git reset HEAD <file>..." to unstage)
#
#  new file:   README.md
#
# Changes not staged for commit:
#   (use "git add/rm <file>..." to update what will be committed)
#   (use "git checkout -- <file>..." to discard changes in working directory)
#
#  deleted:    README.rdoc
#
Albertos-MacBook-Air:pinteresting albertobrandao$ git commit -am "Changed the Readme.md"
[master 39c7e65] Changed the Readme.md
 2 files changed, 6 insertions(+), 28 deletions(-)
 create mode 100644 README.md
 delete mode 100644 README.rdoc
Albertos-MacBook-Air:pinteresting albertobrandao$ get push
-bash: get: command not found
Albertos-MacBook-Air:pinteresting albertobrandao$ git pusu -u
git: 'pusu' is not a git command. See 'git --help'.

Did you mean this?
   push
Albertos-MacBook-Air:pinteresting albertobrandao$ git push -u
fatal: No destination configured to push to.
Albertos-MacBook-Air:pinteresting albertobrandao$ touch README.md
Albertos-MacBook-Air:pinteresting albertobrandao$ git init
Reinitialized existing Git repository in /Users/albertobrandao/Rails/pinteresting/.git/
Albertos-MacBook-Air:pinteresting albertobrandao$ git add README.md
Albertos-MacBook-Air:pinteresting albertobrandao$ git commit -m "first commit"
# On branch master
nothing to commit (working directory clean)
Albertos-MacBook-Air:pinteresting albertobrandao$ touch README.md
Albertos-MacBook-Air:pinteresting albertobrandao$ git init
Reinitialized existing Git repository in /Users/albertobrandao/Rails/pinteresting/.git/
Albertos-MacBook-Air:pinteresting albertobrandao$ git add README.md
Albertos-MacBook-Air:pinteresting albertobrandao$ git commit -m "first commit"
# On branch master
nothing to commit (working directory clean)
Albertos-MacBook-Air:pinteresting albertobrandao$ ls
Gemfile        config         ssh-add id_rsa
Gemfile.lock      config.ru      ssh-add id_rsa.pub
README.md      db       test
Rakefile    lib         tmp
app         log         vendor
bin         public
Albertos-MacBook-Air:pinteresting albertobrandao$ git remote add origin https://github.com/albertobrandao/pinteresting.git
Albertos-MacBook-Air:pinteresting albertobrandao$ git push -u origin master
Username: 
Password: 
error: The requested URL returned error: 403 while accessing https://github.com/albertobrandao/pinteresting.git/info/refs

fatal: HTTP request failed
Albertos-MacBook-Air:pinteresting albertobrandao$ git push -u origin master
Username: 
Password: 
error: The requested URL returned error: 403 while accessing https://github.com/albertobrandao/pinteresting.git/info/refs

fatal: HTTP request failed
Albertos-MacBook-Air:pinteresting albertobrandao$ git push -u origin master
Username: 
Password: 
Counting objects: 68, done.
Delta compression using up to 4 threads.
Compressing objects: 100% (57/57), done.
Writing objects: 100% (68/68), 16.58 KiB, done.
Total 68 (delta 5), reused 0 (delta 0)
To https://github.com/albertobrandao/pinteresting.git
 * [new branch]      master -> master
Branch master set up to track remote branch master from origin.
Albertos-MacBook-Air:pinteresting albertobrandao$ git add README.md
Albertos-MacBook-Air:pinteresting albertobrandao$ git status
# On branch master
# Changes to be committed:
#   (use "git reset HEAD <file>..." to unstage)
#
#  modified:   README.md
#
Albertos-MacBook-Air:pinteresting albertobrandao$ git commit -am "Changed the readme.md"
[master b36431e] Changed the readme.md
 1 files changed, 2 insertions(+), 0 deletions(-)
Albertos-MacBook-Air:pinteresting albertobrandao$ git push
Username: 
Password: 
Counting objects: 5, done.
Delta compression using up to 4 threads.
Compressing objects: 100% (3/3), done.
Writing objects: 100% (3/3), 311 bytes, done.
Total 3 (delta 2), reused 0 (delta 0)
To https://github.com/albertobrandao/pinteresting.git
   39c7e65..b36431e  master -> master
Albertos-MacBook-Air:pinteresting albertobrandao$ ls
Gemfile        app         db       ssh-add id_rsa    vendor
Gemfile.lock      bin         lib         ssh-add id_rsa.pub
README.md      config         log         test
Rakefile    config.ru      public         tmp
Albertos-MacBook-Air:pinteresting albertobrandao$ rails generate controller pages home
      create  app/controllers/pages_controller.rb
       route  get "pages/home"
      invoke  erb
      create    app/views/pages
      create    app/views/pages/home.html.erb
      invoke  test_unit
      create    test/controllers/pages_controller_test.rb
      invoke  helper
      create    app/helpers/pages_helper.rb
      invoke    test_unit
      create      test/helpers/pages_helper_test.rb
      invoke  assets
      invoke    coffee
      create      app/assets/javascripts/pages.js.coffee
      invoke    scss
      create      app/assets/stylesheets/pages.css.scss
Albertos-MacBook-Air:pinteresting albertobrandao$ 

Albertos-MacBook-Air:pinteresting albertobrandao$ rails generate devise:install
      create  config/initializers/devise.rb
      create  config/locales/devise.en.yml
===============================================================================

Some setup you must do manually if you haven't yet:

  1. Ensure you have defined default url options in your environments files. Here 
     is an example of default_url_options appropriate for a development environment 
     in config/environments/development.rb:

       config.action_mailer.default_url_options = { :host => 'localhost:3000' }

     In production, :host should be set to the actual host of your application.

  2. Ensure you have defined root_url to *something* in your config/routes.rb.
     For example:

       root :to => "home#index"

  3. Ensure you have flash messages in app/views/layouts/application.html.erb.
     For example:

       <p class="notice"><%= notice %></p>
       <p class="alert"><%= alert %></p>

  4. If you are deploying on Heroku with Rails 3.2 only, you may want to set:

       config.assets.initialize_on_precompile = false

     On config/application.rb forcing your application to not access the DB
     or load models when precompiling your assets.

  5. You can copy Devise views (for customization) to your app by running:

       rails g devise:views

===============================================================================
Albertos-MacBook-Air:pinteresting albertobrandao$ heroku login
Enter your Heroku credentials.
Email: me@alberto.io
Password (typing will be hidden): 
Could not find an existing public key.
Would you like to generate one? [Yn] Y
Generating new SSH public key.
Uploading SSH public key /Users/albertobrandao/.ssh/id_rsa.pub... done
Authentication successful.
Albertos-MacBook-Air:pinteresting albertobrandao$ heroku keys:add
Found existing public key: /Users/albertobrandao/.ssh/id_rsa.pub
Uploading SSH public key /Users/albertobrandao/.ssh/id_rsa.pub... done
Albertos-MacBook-Air:pinteresting albertobrandao$ heroku create
Creating young-cove-9229... done, stack is cedar
http://young-cove-9229.herokuapp.com/ | git@heroku.com:young-cove-9229.git
Git remote heroku added
Albertos-MacBook-Air:pinteresting albertobrandao$ 